04/01-17:23:26 - test.py[51] - INFO - next_point: {'x': 2.0, 'y': 3.0},new_target: {'target': -700.0}
04/01-17:23:27 - test.py[51] - INFO - next_point: {'x': -1.9773578860871988, 'y': -2.9377330088927067},new_target: {'target': -1841.5685458994446}
04/01-17:23:27 - test.py[51] - INFO - next_point: {'x': -1.7252116288848391, 'y': 2.104392733378953},new_target: {'target': -319.60384739797155}
04/01-17:23:28 - test.py[51] - INFO - next_point: {'x': -0.5750081197745952, 'y': 3.3851039559630247},new_target: {'target': -501.9355218557185}
04/01-17:23:29 - test.py[51] - INFO - next_point: {'x': -2.0, 'y': 8.0},new_target: {'target': -5200.0}
04/01-17:23:29 - test.py[51] - INFO - next_point: {'x': 6.0, 'y': -1.9635282210965674},new_target: {'target': -4378.249951723578}
04/01-17:23:30 - test.py[51] - INFO - next_point: {'x': 6.0, 'y': 7.20731018028884},new_target: {'target': -7353.0699674317475}
04/01-17:23:30 - test.py[51] - INFO - next_point: {'x': 0.7368212363842301, 'y': 0.16640853284937748},new_target: {'target': -23.778026849311296}
04/01-17:23:31 - test.py[51] - INFO - next_point: {'x': 0.17636367698740615, 'y': 1.668838143136905},new_target: {'target': 52.15513917246588}
04/01-17:23:32 - test.py[51] - INFO - next_point: {'x': -1.184082663703535, 'y': 0.009239078041355576},new_target: {'target': -138.3658958963602}
04/01-17:23:32 - test.py[51] - INFO - next_point: {'x': 1.7319982157428007, 'y': 1.1412512298711701},new_target: {'target': -201.97697292763635}
04/01-17:23:33 - test.py[51] - INFO - next_point: {'x': -0.25406905880143277, 'y': 0.7811643746752365},new_target: {'target': 88.75598824484739}
04/01-17:23:33 - test.py[51] - INFO - next_point: {'x': 0.49088547169033475, 'y': 0.9720029764172349},new_target: {'target': 75.82476203538636}
04/01-17:23:34 - test.py[51] - INFO - next_point: {'x': -0.4562320271253363, 'y': 1.2457710059538358},new_target: {'target': 73.1448950057546}
04/01-17:23:35 - test.py[51] - INFO - next_point: {'x': 0.014951620152228146, 'y': 1.0542397869688456},new_target: {'target': 99.68344945643977}
04/01-17:23:35 - test.py[51] - INFO - next_point: {'x': 0.0864301991117828, 'y': 0.7867507478720379},new_target: {'target': 94.70545771483626}
04/01-17:23:36 - test.py[51] - INFO - next_point: {'x': -0.01997001894391196, 'y': 1.0330167297215687},new_target: {'target': 99.85110939018726}
04/01-17:23:37 - test.py[51] - INFO - next_point: {'x': -0.016886497959669178, 'y': 1.0136948942623039},new_target: {'target': 99.95272960578025}
04/01-17:23:37 - test.py[51] - INFO - next_point: {'x': -0.015128554724930967, 'y': 1.0024731015346597},new_target: {'target': 99.9765010600734}
04/01-17:23:38 - test.py[51] - INFO - next_point: {'x': -0.011860566131300715, 'y': 0.9938825022241434},new_target: {'target': 99.98219031920075}
04/01-17:23:39 - test.py[51] - INFO - next_point: {'x': 0.050466422900925366, 'y': 1.0362265713877017},new_target: {'target': 99.61407756850768}
04/01-17:23:39 - test.py[51] - INFO - next_point: {'x': -0.0614041634278442, 'y': 0.9875503965925639},new_target: {'target': 99.60745360887242}
04/01-17:23:40 - test.py[51] - INFO - next_point: {'x': 0.026752333908820782, 'y': 0.9610796392730394},new_target: {'target': 99.77695181513143}
04/01-17:23:41 - test.py[51] - INFO - next_point: {'x': -0.0682012393900665, 'y': 1.0099763332115006},new_target: {'target': 99.5249063721312}
04/01-17:23:41 - test.py[51] - INFO - next_point: {'x': 0.04995660359305812, 'y': 1.072903068125053},new_target: {'target': 99.21894804153999}
04/01-17:23:42 - test.py[51] - INFO - next_point: {'x': 0.024289996820364236, 'y': 0.9533135876204997},new_target: {'target': 99.72303749535979}
04/01-17:23:43 - test.py[51] - INFO - next_point: {'x': -0.06641304716715789, 'y': 1.002499553392488},new_target: {'target': 99.5583059398811}
04/01-17:23:44 - test.py[51] - INFO - next_point: {'x': 0.04480470793710827, 'y': 0.9671325713861577},new_target: {'target': 99.69122702829844}
04/01-17:23:44 - test.py[51] - INFO - next_point: {'x': -0.026337760980974848, 'y': 1.0921874721324942},new_target: {'target': 99.08077923283297}
04/01-17:23:45 - test.py[51] - INFO - next_point: {'x': -0.02817201436097565, 'y': 0.9607894836238299},new_target: {'target': 99.76688730123591}
04/01-17:23:46 - test.py[51] - INFO - next_point: {'x': 0.06275213579519011, 'y': 0.9992765688769034},new_target: {'target': 99.60616461005522}
04/01-17:23:46 - test.py[51] - INFO - next_point: {'x': -0.045110331915573225, 'y': 0.9732556071021748},new_target: {'target': 99.72497954029936}
04/01-17:23:47 - test.py[51] - INFO - next_point: {'x': 0.054097303290011244, 'y': 0.9915276054078412},new_target: {'target': 99.70017003066232}
04/01-17:23:48 - test.py[51] - INFO - next_point: {'x': -0.04574254245744378, 'y': 0.977586363149122},new_target: {'target': 99.74052486926459}
04/01-17:23:48 - test.py[51] - INFO - next_point: {'x': -0.027244659744054947, 'y': 1.0773105759638695},new_target: {'target': 99.32808033595654}
04/01-17:23:49 - test.py[51] - INFO - next_point: {'x': 0.04634386148921281, 'y': 0.9849578101492177},new_target: {'target': 99.76259790267616}
04/01-17:23:50 - test.py[51] - INFO - next_point: {'x': -0.0301016811473119, 'y': 0.9663462018021645},new_target: {'target': 99.7961310658965}
04/01-17:23:51 - test.py[51] - INFO - next_point: {'x': 0.0564369074938565, 'y': 1.015754205476802},new_target: {'target': 99.65666804823246}
04/01-17:23:51 - test.py[51] - INFO - next_point: {'x': -0.027306709474598, 'y': 0.9676890606499471},new_target: {'target': 99.8210346815987}
04/01-17:23:52 - test.py[51] - INFO - next_point: {'x': -0.054611381192666564, 'y': 1.0089679046749704},new_target: {'target': 99.69371737299699}
04/01-17:23:53 - test.py[51] - INFO - next_point: {'x': 0.016333273313618994, 'y': 0.9648624002387256},new_target: {'target': 99.84985732658791}
04/01-17:23:53 - test.py[51] - INFO - next_point: {'x': 6.0, 'y': -3.0},new_target: {'target': -5100.0}
04/01-17:23:54 - test.py[51] - INFO - next_point: {'x': 6.0, 'y': 8.0},new_target: {'target': -8400.0}
04/01-17:23:55 - test.py[51] - INFO - next_point: {'x': -0.015581464002165724, 'y': 1.0998389604751935},new_target: {'target': 98.97893999507819}
04/01-17:23:55 - test.py[51] - INFO - next_point: {'x': 0.06392429981926785, 'y': 1.0403004188224239},new_target: {'target': 99.42895601353536}
04/01-17:23:56 - test.py[51] - INFO - next_point: {'x': -0.03275573367871737, 'y': 0.9706384977521416},new_target: {'target': 99.80649640969179}
04/01-17:23:57 - test.py[51] - INFO - next_point: {'x': -0.21111585977703848, 'y': 0.8131527975276777},new_target: {'target': 92.05182166788688}
04/01-17:23:58 - test.py[51] - INFO - next_point: {'x': -0.05892161703919744, 'y': 1.0048983954460189},new_target: {'target': 99.65042487675406}
04/01-17:23:58 - test.py[51] - INFO - next_point: {'x': -0.2765123969373834, 'y': 1.1644165744914226},new_target: {'target': 89.65080843724495}
04/01-17:23:59 - test.py[51] - INFO - next_point: {'x': 0.023615044656482138, 'y': 1.1054658181559165},new_target: {'target': 98.83192908665755}
04/01-17:24:00 - test.py[51] - INFO - next_point: {'x': 0.02750798852234384, 'y': 1.0802144547077481},new_target: {'target': 99.28089518233932}
04/01-17:24:00 - test.py[51] - INFO - next_point: {'x': -2.0, 'y': 8.0},new_target: {'target': -5200.0}
04/01-17:24:01 - test.py[51] - INFO - next_point: {'x': -2.0, 'y': -3.0},new_target: {'target': -1900.0}
04/01-17:24:02 - test.py[51] - INFO - next_point: {'x': -2.0, 'y': 0.17381164607021907},new_target: {'target': -368.2587196169201}
04/01-17:24:02 - test.py[51] - INFO - next_point: {'x': -2.0, 'y': -3.0},new_target: {'target': -1900.0}
04/01-17:24:03 - test.py[51] - INFO - next_point: {'x': -2.0, 'y': 8.0},new_target: {'target': -5200.0}
04/01-17:24:03 - test.py[51] - INFO - next_point: {'x': 1.0055453020492309, 'y': 1.1068179932159647},new_target: {'target': -2.2531438147964877}
04/01-17:24:04 - test.py[51] - INFO - next_point: {'x': 1.7412759190959046, 'y': 1.2167381424619055},new_target: {'target': -207.9017248821125}
04/01-17:24:05 - test.py[51] - INFO - next_point: {'x': -0.18311547135267303, 'y': 0.8216624328433392},new_target: {'target': 93.46644362919318}
04/01-17:24:05 - test.py[51] - INFO - next_point: {'x': 0.09136577909173461, 'y': 0.7052275241444483},new_target: {'target': 90.47614818889485}
04/01-17:24:06 - test.py[51] - INFO - next_point: {'x': -0.2724981501893741, 'y': 1.2019603662775877},new_target: {'target': 88.49567685963919}
04/01-17:24:07 - test.py[51] - INFO - next_point: {'x': 6.0, 'y': -3.0},new_target: {'target': -5100.0}
04/01-17:24:07 - test.py[51] - INFO - next_point: {'x': 6.0, 'y': 8.0},new_target: {'target': -8400.0}
04/01-17:24:08 - test.py[51] - INFO - next_point: {'x': 0.052703945757069194, 'y': 1.0057696672986172},new_target: {'target': 99.71890050408992}
04/01-17:24:09 - test.py[51] - INFO - next_point: {'x': -2.0, 'y': 0.7043802293856023},new_target: {'target': -308.73910487781086}
04/01-17:24:09 - test.py[51] - INFO - next_point: {'x': -2.0, 'y': 8.0},new_target: {'target': -5200.0}
04/01-17:24:10 - test.py[51] - INFO - next_point: {'x': 0.2373955310368598, 'y': 1.027649616298216},new_target: {'target': 94.28788605622887}
04/01-17:24:11 - test.py[51] - INFO - next_point: {'x': 0.08898080907374735, 'y': 1.5132668305935868},new_target: {'target': 72.86395762289956}
04/01-17:24:11 - test.py[51] - INFO - next_point: {'x': -0.022546584943762514, 'y': 0.9983500653747782},new_target: {'target': 99.94889292231062}
04/01-17:24:12 - test.py[51] - INFO - next_point: {'x': -0.002512220317021863, 'y': 1.0200866789260468},new_target: {'target': 99.95902140788007}
04/01-17:24:13 - test.py[51] - INFO - next_point: {'x': -2.0, 'y': 1.8206939271268732},new_target: {'target': -367.35385220229296}
04/01-17:24:13 - test.py[51] - INFO - next_point: {'x': 6.0, 'y': -3.0},new_target: {'target': -5100.0}
04/01-17:24:14 - test.py[51] - INFO - next_point: {'x': 0.12332683741593163, 'y': 1.7241144953890506},new_target: {'target': 46.0448688740445}
04/01-17:24:15 - test.py[51] - INFO - next_point: {'x': 0.05576744934122087, 'y': 0.8176449918925299},new_target: {'target': 96.36366426120989}
04/01-17:24:15 - test.py[51] - INFO - next_point: {'x': 0.1643149570739445, 'y': 1.792915792522987},new_target: {'target': 34.42851408494312}
04/01-17:24:16 - test.py[51] - INFO - next_point: {'x': 0.006179868379305419, 'y': 0.9584698974751787},new_target: {'target': 99.82370598110923}
04/01-17:24:17 - test.py[51] - INFO - next_point: {'x': 6.0, 'y': 8.0},new_target: {'target': -8400.0}
04/01-17:24:17 - test.py[51] - INFO - next_point: {'x': -2.0, 'y': -3.0},new_target: {'target': -1900.0}
04/01-17:24:18 - test.py[51] - INFO - next_point: {'x': -2.0, 'y': 0.3512309985062141},new_target: {'target': -342.0901217299244}
04/01-17:24:19 - test.py[51] - INFO - next_point: {'x': 6.0, 'y': 8.0},new_target: {'target': -8400.0}
04/01-17:24:19 - test.py[51] - INFO - next_point: {'x': 0.06048663904269124, 'y': 1.0250108272637597},new_target: {'target': 99.57158250169016}
04/01-17:24:20 - test.py[51] - INFO - next_point: {'x': -0.004779734989785321, 'y': 1.0858916898700528},new_target: {'target': 99.2599771744694}
04/01-17:24:21 - test.py[51] - INFO - next_point: {'x': -0.2606275855559679, 'y': 1.169516592665858},new_target: {'target': 90.33373864582242}
04/01-17:24:21 - test.py[51] - INFO - next_point: {'x': 0.10969185921791774, 'y': 1.0256473723590478},new_target: {'target': 98.73099083123928}
04/01-17:24:22 - test.py[51] - INFO - next_point: {'x': 6.0, 'y': -3.0},new_target: {'target': -5100.0}
04/01-17:24:23 - test.py[51] - INFO - next_point: {'x': -0.10496822492940094, 'y': 0.8744200302671487},new_target: {'target': 97.32113429570668}
04/01-17:24:23 - test.py[51] - INFO - next_point: {'x': -2.0, 'y': 0.837474362128935},new_target: {'target': -302.64145829653967}
04/01-17:24:24 - test.py[51] - INFO - next_point: {'x': 0.4511195768027278, 'y': 1.0577398630447838},new_target: {'target': 79.31572356408974}
04/01-17:24:25 - test.py[51] - INFO - next_point: {'x': 0.11444596373570329, 'y': 1.4202758148204944},new_target: {'target': 81.02703608615755}
04/01-17:24:44 - test.py[51] - INFO - next_point: {'x': 2.0, 'y': 3.0},new_target: {'target': -700.0}
04/01-17:24:44 - test.py[51] - INFO - next_point: {'x': -1.9773578860871988, 'y': -2.9377330088927067},new_target: {'target': -1841.5685458994446}
04/01-17:24:45 - test.py[51] - INFO - next_point: {'x': -1.7252116288848391, 'y': 2.104392733378953},new_target: {'target': -319.60384739797155}
04/01-17:24:46 - test.py[51] - INFO - next_point: {'x': -0.5750082750470336, 'y': 3.385104101294294},new_target: {'target': -501.93560903834265}
04/01-17:24:46 - test.py[51] - INFO - next_point: {'x': -2.0, 'y': 8.0},new_target: {'target': -5200.0}
04/01-17:24:47 - test.py[51] - INFO - next_point: {'x': 6.0, 'y': -1.9635291671974553},new_target: {'target': -4378.250512483005}
04/01-17:24:47 - test.py[51] - INFO - next_point: {'x': 6.0, 'y': 7.207309465710336},new_target: {'target': -7353.069080309713}
04/01-17:24:48 - test.py[51] - INFO - next_point: {'x': 0.7368210901161507, 'y': 0.16640879426242208},new_target: {'target': -23.77796171229818}
04/01-17:24:48 - test.py[51] - INFO - next_point: {'x': 0.176363546426577, 'y': 1.6688386461378206},new_target: {'target': 52.15507649243678}
04/01-17:24:49 - test.py[51] - INFO - next_point: {'x': -1.1840831879020945, 'y': 0.009238622651932172},new_target: {'target': -138.36611027170272}
04/01-17:24:50 - test.py[51] - INFO - next_point: {'x': 1.7319989050185218, 'y': 1.1412506056475031},new_target: {'target': -201.97719405811455}
04/01-17:24:50 - test.py[51] - INFO - next_point: {'x': -0.2540702725655131, 'y': 0.7811654634313658},new_target: {'target': 88.7559742203277}
04/01-17:24:51 - test.py[51] - INFO - next_point: {'x': 0.49088435701468286, 'y': 0.9720016352841215},new_target: {'target': 75.8248639611518}
04/01-17:24:52 - test.py[51] - INFO - next_point: {'x': -0.4562325356118822, 'y': 1.2457984732870206},new_target: {'target': 73.14349839789224}
04/01-17:24:52 - test.py[51] - INFO - next_point: {'x': 0.014951662999431061, 'y': 1.0542424439266245},new_target: {'target': 99.68342050504184}
04/01-17:24:53 - test.py[51] - INFO - next_point: {'x': 0.08642313192134427, 'y': 0.7867245963772296},new_target: {'target': 94.70446444784503}
04/01-17:24:53 - test.py[51] - INFO - next_point: {'x': -0.019872468255471322, 'y': 1.0331121000181687},new_target: {'target': 99.8508673837822}
04/01-17:24:54 - test.py[51] - INFO - next_point: {'x': -0.0170341122443599, 'y': 1.0136215332832559},new_target: {'target': 99.95242928510596}
04/01-17:24:55 - test.py[51] - INFO - next_point: {'x': -0.014964531531028728, 'y': 1.0024568540051044},new_target: {'target': 99.97700266644544}
04/01-17:24:56 - test.py[51] - INFO - next_point: {'x': -0.01291542822560105, 'y': 0.9938296102361289},new_target: {'target': 99.97951180039112}
04/01-17:24:56 - test.py[51] - INFO - next_point: {'x': 0.050598324262517716, 'y': 1.035849077610808},new_target: {'target': 99.61546532162794}
04/01-17:24:57 - test.py[51] - INFO - next_point: {'x': -0.06133011019514764, 'y': 0.9878142849798743},new_target: {'target': 99.60901259328993}
04/01-17:24:58 - test.py[51] - INFO - next_point: {'x': 0.027998487522569348, 'y': 0.9616589574109183},new_target: {'target': 99.77460491496308}
04/01-17:24:58 - test.py[51] - INFO - next_point: {'x': -0.06807769220231512, 'y': 1.0082197575940104},new_target: {'target': 99.52978634095025}
04/01-17:24:59 - test.py[51] - INFO - next_point: {'x': 0.04835309429284573, 'y': 1.0746508412578992},new_target: {'target': 99.2089230171795}
04/01-17:25:00 - test.py[51] - INFO - next_point: {'x': 0.025294729539129625, 'y': 0.9537975186138405},new_target: {'target': 99.72255073713039}
04/01-17:25:00 - test.py[51] - INFO - next_point: {'x': -0.0663792477329683, 'y': 1.0032884302158023},new_target: {'target': 99.5582981697121}
04/01-17:25:01 - test.py[51] - INFO - next_point: {'x': 0.04539025298995103, 'y': 0.9677865883254012},new_target: {'target': 99.69020210417911}
04/01-17:25:02 - test.py[51] - INFO - next_point: {'x': -0.027145256884352906, 'y': 1.0913580804021552},new_target: {'target': 99.09168361739158}
